
> react-expert@0.0.0 build
> vite build

[36mvite v8.0.0 [32mbuilding client environment for production...[36m[39m
[2K
transforming...Γ£ô 75 modules transformed.
rendering chunks...
computing gzip size...
dist/index.html                   0.46 kB Γöé gzip:  0.29 kB
dist/assets/index-BXYUaHGL.css   19.87 kB Γöé gzip:  4.77 kB
dist/assets/index-DKQ-8zIi.js   312.83 kB Γöé gzip: 96.66 kB

[32mΓ£ô built in 762ms[39m
