
> react-expert@0.0.0 test
> vitest run


[1m[46m RUN [49m[22m [36mv4.1.0 [39m[90mF:/project/asah/react-expert[39m

 [31mΓ¥»[39m src/components/LoginInput.test.jsx [2m([22m[2m0 test[22m[2m)[22m
 [31mΓ¥»[39m src/components/ThreadItem.test.jsx [2m([22m[2m0 test[22m[2m)[22m
 [32mΓ£ô[39m src/states/authUser/action.test.js [2m([22m[2m2 tests[22m[2m)[22m[32m 17[2mms[22m[39m
 [32mΓ£ô[39m src/states/threads/reducer.test.js [2m([22m[2m10 tests[22m[2m)[22m[32m 16[2mms[22m[39m
 [32mΓ£ô[39m src/states/threads/action.test.js [2m([22m[2m2 tests[22m[2m)[22m[32m 14[2mms[22m[39m
 [32mΓ£ô[39m src/states/threadDetail/reducer.test.js [2m([22m[2m14 tests[22m[2m)[22m[32m 11[2mms[22m[39m
node.exe : 
At C:\Program 
Files\nodejs\npm.ps1:29 char:3
+   & $NODE_EXE $NPM_CLI_JS $args
+   ~~~~~~~~~~~~~~~~~~~~~~~~~~~~~
    + CategoryInfo          : No 
   tSpecified: (:String) [], Re  
  moteException
    + FullyQualifiedErrorId : Na 
   tiveCommandError
 
[31mΓÄ»ΓÄ»ΓÄ»ΓÄ»ΓÄ»ΓÄ»[39m[1m
[41m Failed Suites 2 [49m[22m[
31mΓÄ»ΓÄ»ΓÄ»ΓÄ»ΓÄ»ΓÄ»ΓÄ»[39m

[41m[1m FAIL [22m[49m src/com
ponents/LoginInput.test.jsx[2m 
[ src/components/LoginInput.test.
jsx ][22m
[41m[1m FAIL [22m[49m src/com
ponents/ThreadItem.test.jsx[2m 
[ src/components/ThreadItem.test.
jsx ][22m
[31m[1mError[22m: Cannot find 
module '@testing-library/dom'
Require stack:
- F:\project\asah\react-expert\no
de_modules\@testing-library\react
\dist\pure.js[39m
[90m [2mΓ¥»[22m 
Object.<anonymous> node_modules/@
testing-library/react/dist/pure.j
s:[2m46:12[22m[39m

[31m[2mΓÄ»ΓÄ»ΓÄ»ΓÄ»ΓÄ»ΓÄ»ΓÄ»ΓÄ»
ΓÄ»ΓÄ»ΓÄ»ΓÄ»ΓÄ»ΓÄ»ΓÄ»ΓÄ»ΓÄ»ΓÄ»ΓÄ»
ΓÄ»ΓÄ»ΓÄ»ΓÄ»ΓÄ»[1/2]ΓÄ»[22m[39m


[2m Test Files [22m [1m[31m2 failed[39m[22m[2m | [22m[1m[32m4 passed[39m[22m[90m (6)[39m
[2m      Tests [22m [1m[32m28 passed[39m[22m[90m (28)[39m
[2m   Start at [22m 15:41:28
[2m   Duration [22m 3.66s[2m (transform 395ms, setup 1.31s, import 1.14s, tests 58ms, environment 15.40s)[22m

